// Jest Snapshot v1, https://goo.gl/fbAQLP

exports[`App should be rendered correctly 1`] = `
<Provider>
  <ErrorBoundary>
    <Component>
      <styled.div>
        <Memo(GlobalStyleComponent) />
        <Switch>
          <Route
            exact={true}
            path="/search"
          >
            <Search />
          </Route>
          <Route
            path="/search/:search"
            render={[Function]}
          />
          <Route
            path="/movie/:id"
            render={[Function]}
          />
          <Redirect
            exact={true}
            from="/"
            to="/search"
          />
          <Route
            component={[Function]}
            path="/*"
          />
        </Switch>
      </styled.div>
    </Component>
  </ErrorBoundary>
</Provider>
`;

exports[`AppStyled should be rendered correctly 1`] = `
.c0 {
  display: -webkit-box;
  display: -webkit-flex;
  display: -ms-flexbox;
  display: flex;
  -webkit-flex-direction: column;
  -ms-flex-direction: column;
  flex-direction: column;
}

<div
  className="c0"
/>
`;
